Component: ARM Compiler 5.05 update 1 (build 106) Tool: armlink [4d0efa]

==============================================================================

Section Cross References

    main.o(.text) refers to _printf_percent.o(.ARM.Collect$$_printf_percent$$00000000) for _printf_percent
    main.o(.text) refers to _printf_s.o(.ARM.Collect$$_printf_percent$$00000014) for _printf_s
    main.o(.text) refers to _printf_str.o(.text) for _printf_str
    main.o(.text) refers to delay.o(.text) for delay_init
    main.o(.text) refers to sys.o(.text) for NVIC_Configuration
    main.o(.text) refers to gpio.o(.text) for GPIO_Config
    main.o(.text) refers to usart.o(.text) for uart_init
    main.o(.text) refers to usart2.o(.text) for USART2_Init
    main.o(.text) refers to timer.o(.text) for TIM2_NVIC_Configuration
    main.o(.text) refers to stm32f10x_gpio.o(.text) for GPIO_ResetBits
    main.o(.text) refers to __2printf.o(.text) for __2printf
    main.o(.text) refers to sim900a.o(.text) for sim900a_word_test
    main.o(.text) refers to strcpy.o(.text) for strcpy
    main.o(.text) refers to strcat.o(.text) for strcat
    main.o(.text) refers to stm32f10x_rcc.o(.text) for RCC_APB1PeriphClockCmd
    main.o(.text) refers to stm32f10x_tim.o(.text) for TIM_Cmd
    main.o(.text) refers to main.o(.data) for port
    main.o(.text) refers to usart2.o(.data) for USART3_RX_STA
    main.o(.text) refers to usart2.o(.bss) for USART3_RX_BUF
    main.o(.text) refers to exti.o(.data) for Flag_Send_data
    system_stm32f10x.o(.text) refers to system_stm32f10x.o(.data) for SystemCoreClock
    timer.o(.text) refers to misc.o(.text) for NVIC_PriorityGroupConfig
    timer.o(.text) refers to stm32f10x_rcc.o(.text) for RCC_APB1PeriphClockCmd
    timer.o(.text) refers to stm32f10x_tim.o(.text) for TIM_DeInit
    timer.o(.text) refers to timer.o(.data) for time_count
    timer.o(.text) refers to exti.o(.data) for Flag_Send_data
    usart2.o(.text) refers to stm32f10x_tim.o(.text) for TIM_SetCounter
    usart2.o(.text) refers to stm32f10x_usart.o(.text) for USART_GetITStatus
    usart2.o(.text) refers to stm32f10x_rcc.o(.text) for RCC_APB1PeriphClockCmd
    usart2.o(.text) refers to misc.o(.text) for NVIC_Init
    usart2.o(.text) refers to stm32f10x_dma.o(.text) for DMA_DeInit
    usart2.o(.text) refers to stm32f10x_gpio.o(.text) for GPIO_Init
    usart2.o(.text) refers to c89vsprintf.o(.text) for __c89vsprintf
    usart2.o(.text) refers to strlen.o(.text) for strlen
    usart2.o(.text) refers to usart2.o(.data) for USART2_RX_STA
    usart2.o(.text) refers to usart2.o(.bss) for USART2_RX_BUF
    exti.o(.text) refers to stm32f10x_gpio.o(.text) for GPIO_Init
    exti.o(.text) refers to stm32f10x_rcc.o(.text) for RCC_APB2PeriphClockCmd
    exti.o(.text) refers to stm32f10x_exti.o(.text) for EXTI_Init
    exti.o(.text) refers to misc.o(.text) for NVIC_Init
    exti.o(.text) refers to exti.o(.data) for Flag_Send_data
    gpio.o(.text) refers to stm32f10x_rcc.o(.text) for RCC_APB2PeriphClockCmd
    gpio.o(.text) refers to stm32f10x_gpio.o(.text) for GPIO_Init
    delay.o(.text) refers to misc.o(.text) for SysTick_CLKSourceConfig
    delay.o(.text) refers to system_stm32f10x.o(.data) for SystemCoreClock
    delay.o(.text) refers to delay.o(.data) for fac_us
    sys.o(.text) refers to misc.o(.text) for NVIC_PriorityGroupConfig
    usart.o(.text) refers (Special) to use_no_semi_2.o(.text) for __use_no_semihosting
    usart.o(.text) refers to stm32f10x_rcc.o(.text) for RCC_APB2PeriphClockCmd
    usart.o(.text) refers to stm32f10x_gpio.o(.text) for GPIO_Init
    usart.o(.text) refers to misc.o(.text) for NVIC_Init
    usart.o(.text) refers to stm32f10x_usart.o(.text) for USART_Init
    usart.o(.text) refers to stm32f10x_tim.o(.text) for TIM_Cmd
    usart.o(.text) refers to usart.o(.data) for USART_RX_STA
    usart.o(.text) refers to usart.o(.bss) for USART_RX_BUF
    usart.o(.bss) refers (Special) to use_no_semi_2.o(.text) for __use_no_semihosting
    usart.o(.data) refers (Special) to use_no_semi_2.o(.text) for __use_no_semihosting
    startup_stm32f10x_hd.o(STACK) refers (Special) to heapauxi.o(.text) for __use_two_region_memory
    startup_stm32f10x_hd.o(HEAP) refers (Special) to heapauxi.o(.text) for __use_two_region_memory
    startup_stm32f10x_hd.o(RESET) refers (Special) to heapauxi.o(.text) for __use_two_region_memory
    startup_stm32f10x_hd.o(RESET) refers to startup_stm32f10x_hd.o(STACK) for __initial_sp
    startup_stm32f10x_hd.o(RESET) refers to startup_stm32f10x_hd.o(.text) for Reset_Handler
    startup_stm32f10x_hd.o(RESET) refers to stm32f10x_it.o(.text) for NMI_Handler
    startup_stm32f10x_hd.o(RESET) refers to exti.o(.text) for EXTI0_IRQHandler
    startup_stm32f10x_hd.o(RESET) refers to timer.o(.text) for TIM2_IRQHandler
    startup_stm32f10x_hd.o(RESET) refers to usart2.o(.text) for TIM4_IRQHandler
    startup_stm32f10x_hd.o(RESET) refers to usart.o(.text) for USART1_IRQHandler
[...]
    .ARM.Collect$$rtentry$$00000004          0x080002a0   Section        6  __rtentry4.o(.ARM.Collect$$rtentry$$00000004)
    .ARM.Collect$$rtentry$$00000009          0x080002a6   Section        0  __rtentry2.o(.ARM.Collect$$rtentry$$00000009)
    .ARM.Collect$$rtentry$$0000000A          0x080002a6   Section        4  __rtentry2.o(.ARM.Collect$$rtentry$$0000000A)
    .ARM.Collect$$rtentry$$0000000C          0x080002aa   Section        0  __rtentry2.o(.ARM.Collect$$rtentry$$0000000C)
    .ARM.Collect$$rtentry$$0000000D          0x080002aa   Section        8  __rtentry2.o(.ARM.Collect$$rtentry$$0000000D)
    .ARM.Collect$$rtexit$$00000000           0x080002b2   Section        2  rtexit.o(.ARM.Collect$$rtexit$$00000000)
    .ARM.Collect$$rtexit$$00000002           0x080002b4   Section        0  rtexit2.o(.ARM.Collect$$rtexit$$00000002)
    .ARM.Collect$$rtexit$$00000003           0x080002b4   Section        4  rtexit2.o(.ARM.Collect$$rtexit$$00000003)
    .ARM.Collect$$rtexit$$00000004           0x080002b8   Section        6  rtexit2.o(.ARM.Collect$$rtexit$$00000004)
    .text                                    0x080002c0   Section        0  main.o(.text)
    .text                                    0x080004d8   Section        0  stm32f10x_it.o(.text)
    .text                                    0x080004f4   Section        0  system_stm32f10x.o(.text)
    SetSysClockTo72                          0x080004f5   Thumb Code   214  system_stm32f10x.o(.text)
    SetSysClock                              0x080005cb   Thumb Code     8  system_stm32f10x.o(.text)
    .text                                    0x080006d4   Section        0  timer.o(.text)
    .text                                    0x080007bc   Section        0  usart2.o(.text)
    .text                                    0x08000d44   Section        0  exti.o(.text)
    .text                                    0x08000dd4   Section        0  gpio.o(.text)
    .text                                    0x08000e38   Section        0  delay.o(.text)
    .text                                    0x08000f0c   Section        0  sys.o(.text)
    .text                                    0x08000f18   Section        0  usart.o(.text)
    .text                                    0x08001078   Section       64  startup_stm32f10x_hd.o(.text)
    .text                                    0x080010b8   Section        0  misc.o(.text)
    .text                                    0x08001194   Section        0  stm32f10x_gpio.o(.text)
    .text                                    0x080014f0   Section        0  stm32f10x_rcc.o(.text)
    .text                                    0x08001894   Section        0  stm32f10x_usart.o(.text)
    .text                                    0x08001c9c   Section        0  stm32f10x_tim.o(.text)
    TI4_Config                               0x08002143   Thumb Code   130  stm32f10x_tim.o(.text)
    TI3_Config                               0x080021d7   Thumb Code   122  stm32f10x_tim.o(.text)
    TI2_Config                               0x0800226b   Thumb Code   130  stm32f10x_tim.o(.text)
    TI1_Config                               0x080022ff   Thumb Code   108  stm32f10x_tim.o(.text)
    .text                                    0x08002ab8   Section        0  stm32f10x_dma.o(.text)
    .text                                    0x08002d0c   Section        0  stm32f10x_exti.o(.text)
    .text                                    0x08002e28   Section        0  sim900a.o(.text)
    .text                                    0x080033d4   Section        2  use_no_semi_2.o(.text)
    .text                                    0x080033d8   Section        0  c89vsprintf.o(.text)
    .text                                    0x080033fc   Section        0  __2printf.o(.text)
    .text                                    0x08003414   Section        0  __2sprintf.o(.text)
    .text                                    0x08003440   Section        0  _printf_str.o(.text)
    .text                                    0x08003494   Section        0  __printf_flags_ss_wp.o(.text)
    .text                                    0x0800361c   Section        0  strtok.o(.text)
    .text                                    0x08003628   Section        0  strstr.o(.text)
    .text                                    0x0800364c   Section        0  strcpy.o(.text)
    .text                                    0x08003694   Section        0  strlen.o(.text)
    .text                                    0x080036d2   Section        0  strcat.o(.text)
    .text                                    0x080036ea   Section        0  heapauxi.o(.text)
    .text                                    0x080036f0   Section        2  use_no_semi.o(.text)
    .text                                    0x080036f2   Section        0  _printf_pad.o(.text)
    .text                                    0x08003740   Section        0  _printf_truncate.o(.text)
    .text                                    0x08003764   Section        0  _printf_dec.o(.text)
    .text                                    0x080037dc   Section        0  _printf_charcount.o(.text)
    .text                                    0x08003804   Section        0  _printf_char_common.o(.text)
    _printf_input_char                       0x08003805   Thumb Code    10  _printf_char_common.o(.text)
    .text                                    0x08003834   Section        0  _sputc.o(.text)
    .text                                    0x0800383e   Section        0  _printf_char.o(.text)
    .text                                    0x0800386c   Section        0  _printf_char_file.o(.text)
    .text                                    0x08003890   Section        0  _printf_wctomb.o(.text)
    .text                                    0x0800394c   Section        0  _printf_longlong_dec.o(.text)
    .text                                    0x080039c8   Section        0  _printf_oct_int_ll.o(.text)
    _printf_longlong_oct_internal            0x080039c9   Thumb Code     0  _printf_oct_int_ll.o(.text)
    .text                                    0x08003a38   Section        0  _printf_hex_int_ll_ptr.o(.text)
    _printf_hex_common                       0x08003a39   Thumb Code     0  _printf_hex_int_ll_ptr.o(.text)
    .text                                    0x08003acc   Section        0  strtok_int.o(.text)
    .text                                    0x08003b10   Section      138  lludiv10.o(.text)
    .text                                    0x08003b9a   Section        0  _printf_intcommon.o(.text)
    .text                                    0x08003c4c   Section        0  _printf_fp_dec.o(.text)
    _fp_digits                               0x08003c4f   Thumb Code   428  _printf_fp_dec.o(.text)
    .text                                    0x08004066   Section        0  _printf_wchar.o(.text)
    .text                                    0x08004092   Section        0  ferror.o(.text)
    .text                                    0x0800409a   Section        0  _wcrtomb.o(.text)
    .text                                    0x080040da   Section        0  strcspn.o(.text)
    .text                                    0x080040fa   Section        0  strspn.o(.text)
    .text                                    0x08004116   Section       74  sys_stackheap_outer.o(.text)
    .text                                    0x08004160   Section       16  rt_ctype_table.o(.text)
    .text                                    0x08004170   Section        8  rt_locale_intlibspace.o(.text)
    .text                                    0x08004178   Section        0  _printf_fp_infnan.o(.text)
    .text                                    0x080041f8   Section        0  bigflt0.o(.text)
    .text                                    0x080042d4   Section        0  exit.o(.text)
    .text                                    0x080042e0   Section        8  libspace.o(.text)
    .text                                    0x080042e8   Section      128  strcmpv7m.o(.text)
    CL$$btod_d2e                             0x08004368   Section       62  btod.o(CL$$btod_d2e)
    CL$$btod_d2e_denorm_low                  0x080043a6   Section       70  btod.o(CL$$btod_d2e_denorm_low)
    CL$$btod_d2e_norm_op1                    0x080043ec   Section       96  btod.o(CL$$btod_d2e_norm_op1)
    CL$$btod_div_common                      0x0800444c   Section      824  btod.o(CL$$btod_div_common)
    CL$$btod_e2e                             0x08004784   Section      198  btod.o(CL$$btod_e2e)
    CL$$btod_ediv                            0x0800484a   Section       40  btod.o(CL$$btod_ediv)
    CL$$btod_emul                            0x08004872   Section       40  btod.o(CL$$btod_emul)
    CL$$btod_mult_common                     0x0800489a   Section      580  btod.o(CL$$btod_mult_common)
    i.__ARM_fpclassify                       0x08004ade   Section        0  fpclassify.o(i.__ARM_fpclassify)
    i._is_digit                              0x08004b06   Section        0  __printf_wp.o(i._is_digit)
    locale$$code                             0x08004b14   Section       44  lc_numeric_c.o(locale$$code)
    locale$$code                             0x08004b40   Section       44  lc_ctype_c.o(locale$$code)
    x$fpl$printf1                            0x08004b6c   Section        4  printf1.o(x$fpl$printf1)
    .constdata                               0x08004b70   Section       17  __printf_flags_ss_wp.o(.constdata)
    x$fpl$usenofp                            0x08004b70   Section        0  usenofp.o(x$fpl$usenofp)
    maptable                                 0x08004b70   Data          17  __printf_flags_ss_wp.o(.constdata)
    .constdata                               0x08004b84   Section        8  _printf_wctomb.o(.constdata)
    initial_mbstate                          0x08004b84   Data           8  _printf_wctomb.o(.constdata)
    .constdata                               0x08004b8c   Section       40  _printf_hex_int_ll_ptr.o(.constdata)
    uc_hextab                                0x08004b8c   Data          20  _printf_hex_int_ll_ptr.o(.constdata)
    lc_hextab                                0x08004ba0   Data          20  _printf_hex_int_ll_ptr.o(.constdata)
    .constdata                               0x08004bb4   Section      148  bigflt0.o(.constdata)
    tenpwrs_x                                0x08004bb4   Data          60  bigflt0.o(.constdata)
    tenpwrs_i                                0x08004bf0   Data          64  bigflt0.o(.constdata)
    locale$$data                             0x08004c68   Section       28  lc_numeric_c.o(locale$$data)
    __lcnum_c_name                           0x08004c6c   Data           2  lc_numeric_c.o(locale$$data)
    __lcnum_c_start                          0x08004c74   Data           0  lc_numeric_c.o(locale$$data)
    __lcnum_c_point                          0x08004c80   Data           0  lc_numeric_c.o(locale$$data)
    __lcnum_c_thousands                      0x08004c82   Data           0  lc_numeric_c.o(locale$$data)
    __lcnum_c_grouping                       0x08004c83   Data           0  lc_numeric_c.o(locale$$data)
    locale$$data                             0x08004c84   Section      272  lc_ctype_c.o(locale$$data)
    __lcnum_c_end                            0x08004c84   Data           0  lc_numeric_c.o(locale$$data)
    __lcctype_c_name                         0x08004c88   Data           2  lc_ctype_c.o(locale$$data)
    __lcctype_c_start                        0x08004c90   Data           0  lc_ctype_c.o(locale$$data)
    __lcctype_c_end                          0x08004d94   Data           0  lc_ctype_c.o(locale$$data)
    .data                                    0x20000000   Section     2081  main.o(.data)
    .data                                    0x20000824   Section       20  system_stm32f10x.o(.data)
    .data                                    0x20000838   Section        2  timer.o(.data)
    .data                                    0x2000083a   Section        6  usart2.o(.data)
    .data                                    0x20000840   Section        4  exti.o(.data)
    .data                                    0x20000844   Section        4  delay.o(.data)
    fac_us                                   0x20000844   Data           1  delay.o(.data)
    fac_ms                                   0x20000846   Data           2  delay.o(.data)
    .data                                    0x20000848   Section        6  usart.o(.data)
    .data                                    0x2000084e   Section       20  stm32f10x_rcc.o(.data)
    APBAHBPrescTable                         0x2000084e   Data          16  stm32f10x_rcc.o(.data)
    ADCPrescTable                            0x2000085e   Data           4  stm32f10x_rcc.o(.data)
    .data                                    0x20000862   Section        4  sim900a.o(.data)
    .data                                    0x20000868   Section        4  strtok.o(.data)
    _strtok_saves1                           0x20000868   Data           4  strtok.o(.data)
    .bss                                     0x20000870   Section     2348  usart2.o(.bss)
    .bss                                     0x2000119c   Section     3000  usart.o(.bss)
    .bss                                     0x20001d54   Section       50  sim900a.o(.bss)
    .bss                                     0x20001d88   Section       96  libspace.o(.bss)
    HEAP                                     0x20001de8   Section      512  startup_stm32f10x_hd.o(HEAP)
    Heap_Mem                                 0x20001de8   Data         512  startup_stm32f10x_hd.o(HEAP)
    STACK                                    0x20001fe8   Section     1024  startup_stm32f10x_hd.o(STACK)
    Stack_Mem                                0x20001fe8   Data        1024  startup_stm32f10x_hd.o(STACK)
    __initial_sp                             0x200023e8   Data           0  startup_stm32f10x_hd.o(STACK)

    Global Symbols

    Symbol Name                              Value     Ov Type        Size  Object(Section)

    BuildAttributes$$THM_ISAv4$P$D$K$B$S$PE$A:L22UL41UL21$X:L11$S22US41US21$IEEE1$IW$USESV6$~STKCKD$USESV7$~SHL$OTIME$ROPI$IEEEJ$EBA8$UX$STANDARDLIB$REQ8$PRES8$EABIv2 0x00000000   Number         0  anon$$obj.o ABSOLUTE
    __ARM_use_no_argv                        0x00000000   Number         0  main.o ABSOLUTE
    _printf_flags                            0x00000000   Number         0  printf_stubs.o ABSOLUTE
    _printf_return_value                     0x00000000   Number         0  printf_stubs.o ABSOLUTE
    _printf_sizespec                         0x00000000   Number         0  printf_stubs.o ABSOLUTE
    _printf_widthprec                        0x00000000   Number         0  printf_stubs.o ABSOLUTE
    __ARM_exceptions_init                     - Undefined Weak Reference
    __alloca_initialize                       - Undefined Weak Reference
    __arm_preinit_                            - Undefined Weak Reference
    __cpp_initialize__aeabi_                  - Undefined Weak Reference
    __cxa_finalize                            - Undefined Weak Reference
    __sigvec_lookup                           - Undefined Weak Reference
    _atexit_init                              - Undefined Weak Reference
    _call_atexit_fns                          - Undefined Weak Reference
    _clock_init                               - Undefined Weak Reference
    _fp_trap_init                             - Undefined Weak Reference
    _fp_trap_shutdown                         - Undefined Weak Reference
    _get_lc_collate                           - Undefined Weak Reference
    _get_lc_monetary                          - Undefined Weak Reference
    _get_lc_time                              - Undefined Weak Reference
    _getenv_init                              - Undefined Weak Reference
    _handle_redirection                       - Undefined Weak Reference
    _init_alloc                               - Undefined Weak Reference
    _init_user_alloc                          - Undefined Weak Reference
    _initio                                   - Undefined Weak Reference
    _mutex_acquire                            - Undefined Weak Reference
    _mutex_release                            - Undefined Weak Reference
    _printf_fp_hex                            - Undefined Weak Reference
    _printf_mbtowc                            - Undefined Weak Reference
    _printf_wc                                - Undefined Weak Reference
    _rand_init                                - Undefined Weak Reference
    _signal_finish                            - Undefined Weak Reference
    _signal_init                              - Undefined Weak Reference
    _terminate_alloc                          - Undefined Weak Reference
    _terminate_user_alloc                     - Undefined Weak Reference
    _terminateio                              - Undefined Weak Reference
    __Vectors_Size                           0x00000130   Number         0  startup_stm32f10x_hd.o ABSOLUTE
    __Vectors                                0x08000000   Data           4  startup_stm32f10x_hd.o(RESET)
    __Vectors_End                            0x08000130   Data           0  startup_stm32f10x_hd.o(RESET)
    __main                                   0x08000131   Thumb Code     8  __main.o(!!!main)
    __scatterload                            0x08000139   Thumb Code     0  __scatter.o(!!!scatter)
    __scatterload_rt2                        0x08000139   Thumb Code    44  __scatter.o(!!!scatter)
    __scatterload_rt2_thumb_only             0x08000139   Thumb Code     0  __scatter.o(!!!scatter)
    __scatterload_null                       0x08000147   Thumb Code     0  __scatter.o(!!!scatter)
    __decompress                             0x0800016d   Thumb Code   100  __dclz77c.o(!!dclz77c)
    __decompress2                            0x0800016d   Thumb Code     0  __dclz77c.o(!!dclz77c)
    __scatterload_zeroinit                   0x080001d1   Thumb Code    28  __scatter_zi.o(!!handler_zi)
    _printf_n                                0x080001ed   Thumb Code     0  _printf_n.o(.ARM.Collect$$_printf_percent$$00000001)
    _printf_percent                          0x080001ed   Thumb Code     0  _printf_percent.o(.ARM.Collect$$_printf_percent$$00000000)
    _printf_p                                0x080001f3   Thumb Code     0  _printf_p.o(.ARM.Collect$$_printf_percent$$00000002)
    _printf_f                                0x080001f9   Thumb Code     0  _printf_f.o(.ARM.Collect$$_printf_percent$$00000003)
    _printf_e                                0x080001ff   Thumb Code     0  _printf_e.o(.ARM.Collect$$_printf_percent$$00000004)
    _printf_g                                0x08000205   Thumb Code     0  _printf_g.o(.ARM.Collect$$_printf_percent$$00000005)
    _printf_a                                0x0800020b   Thumb Code     0  _printf_a.o(.ARM.Collect$$_printf_percent$$00000006)
    _printf_ll                               0x08000211   Thumb Code     0  _printf_ll.o(.ARM.Collect$$_printf_percent$$00000007)
    _printf_i                                0x0800021b   Thumb Code     0  _printf_i.o(.ARM.Collect$$_printf_percent$$00000008)
    _printf_d                                0x08000221   Thumb Code     0  _printf_d.o(.ARM.Collect$$_printf_percent$$00000009)
    _printf_u                                0x08000227   Thumb Code     0  _printf_u.o(.ARM.Collect$$_printf_percent$$0000000A)
    _printf_o                                0x0800022d   Thumb Code     0  _printf_o.o(.ARM.Collect$$_printf_percent$$0000000B)
    _printf_x                                0x08000233   Thumb Code     0  _printf_x.o(.ARM.Collect$$_printf_percent$$0000000C)
    _printf_lli                              0x08000239   Thumb Code     0  _printf_lli.o(.ARM.Collect$$_printf_percent$$0000000D)
    _printf_lld                              0x0800023f   Thumb Code     0  _printf_lld.o(.ARM.Collect$$_printf_percent$$0000000E)
    _printf_llu                              0x08000245   Thumb Code     0  _printf_llu.o(.ARM.Collect$$_printf_percent$$0000000F)
    _printf_llo                              0x0800024b   Thumb Code     0  _printf_llo.o(.ARM.Collect$$_printf_percent$$00000010)
    _printf_llx                              0x08000251   Thumb Code     0  _printf_llx.o(.ARM.Collect$$_printf_percent$$00000011)
    _printf_l                                0x08000257   Thumb Code     0  _printf_l.o(.ARM.Collect$$_printf_percent$$00000012)
    _printf_c                                0x08000261   Thumb Code     0  _printf_c.o(.ARM.Collect$$_printf_percent$$00000013)
    _printf_s                                0x08000267   Thumb Code     0  _printf_s.o(.ARM.Collect$$_printf_percent$$00000014)
    _printf_lc                               0x0800026d   Thumb Code     0  _printf_lc.o(.ARM.Collect$$_printf_percent$$00000015)
    _printf_ls                               0x08000273   Thumb Code     0  _printf_ls.o(.ARM.Collect$$_printf_percent$$00000016)
    _printf_percent_end                      0x08000279   Thumb Code     0  _printf_percent_end.o(.ARM.Collect$$_printf_percent$$00000017)
    __rt_lib_init                            0x0800027d   Thumb Code     0  libinit.o(.ARM.Collect$$libinit$$00000000)
    __rt_lib_init_fp_1                       0x0800027f   Thumb Code     0  libinit2.o(.ARM.Collect$$libinit$$00000002)
    __rt_lib_init_heap_1                     0x0800027f   Thumb Code     0  libinit2.o(.ARM.Collect$$libinit$$0000000A)
    __rt_lib_init_lc_common                  0x0800027f   Thumb Code     0  libinit2.o(.ARM.Collect$$libinit$$0000000F)
    __rt_lib_init_preinit_1                  0x0800027f   Thumb Code     0  libinit2.o(.ARM.Collect$$libinit$$00000004)
    __rt_lib_init_rand_1                     0x0800027f   Thumb Code     0  libinit2.o(.ARM.Collect$$libinit$$0000000E)
    __rt_lib_init_user_alloc_1               0x0800027f   Thumb Code     0  libinit2.o(.ARM.Collect$$libinit$$0000000C)
    __rt_lib_init_lc_collate_1               0x08000285   Thumb Code     0  libinit2.o(.ARM.Collect$$libinit$$00000011)
    __rt_lib_init_lc_ctype_2                 0x08000285   Thumb Code     0  libinit2.o(.ARM.Collect$$libinit$$00000012)
    __rt_lib_init_lc_ctype_1                 0x08000291   Thumb Code     0  libinit2.o(.ARM.Collect$$libinit$$00000013)
    __rt_lib_init_lc_monetary_1              0x08000291   Thumb Code     0  libinit2.o(.ARM.Collect$$libinit$$00000015)
    __rt_lib_init_lc_numeric_2               0x08000291   Thumb Code     0  libinit2.o(.ARM.Collect$$libinit$$00000016)
    __rt_lib_init_alloca_1                   0x0800029b   Thumb Code     0  libinit2.o(.ARM.Collect$$libinit$$0000002E)
    __rt_lib_init_argv_1                     0x0800029b   Thumb Code     0  libinit2.o(.ARM.Collect$$libinit$$0000002C)
    __rt_lib_init_atexit_1                   0x0800029b   Thumb Code     0  libinit2.o(.ARM.Collect$$libinit$$0000001B)
    __rt_lib_init_clock_1                    0x0800029b   Thumb Code     0  libinit2.o(.ARM.Collect$$libinit$$00000021)
    __rt_lib_init_cpp_1                      0x0800029b   Thumb Code     0  libinit2.o(.ARM.Collect$$libinit$$00000032)
    __rt_lib_init_exceptions_1               0x0800029b   Thumb Code     0  libinit2.o(.ARM.Collect$$libinit$$00000030)
    __rt_lib_init_fp_trap_1                  0x0800029b   Thumb Code     0  libinit2.o(.ARM.Collect$$libinit$$0000001F)
    __rt_lib_init_getenv_1                   0x0800029b   Thumb Code     0  libinit2.o(.ARM.Collect$$libinit$$00000023)
    __rt_lib_init_lc_numeric_1               0x0800029b   Thumb Code     0  libinit2.o(.ARM.Collect$$libinit$$00000017)
    __rt_lib_init_lc_time_1                  0x0800029b   Thumb Code     0  libinit2.o(.ARM.Collect$$libinit$$00000019)
    __rt_lib_init_return                     0x0800029b   Thumb Code     0  libinit2.o(.ARM.Collect$$libinit$$00000033)
    __rt_lib_init_signal_1                   0x0800029b   Thumb Code     0  libinit2.o(.ARM.Collect$$libinit$$0000001D)
    __rt_lib_init_stdio_1                    0x0800029b   Thumb Code     0  libinit2.o(.ARM.Collect$$libinit$$00000025)
    __rt_lib_shutdown                        0x0800029d   Thumb Code     0  libshutdown.o(.ARM.Collect$$libshutdown$$00000000)
    __rt_lib_shutdown_fp_trap_1              0x0800029f   Thumb Code     0  libshutdown2.o(.ARM.Collect$$libshutdown$$00000006)
    __rt_lib_shutdown_heap_1                 0x0800029f   Thumb Code     0  libshutdown2.o(.ARM.Collect$$libshutdown$$0000000E)
    __rt_lib_shutdown_return                 0x0800029f   Thumb Code     0  libshutdown2.o(.ARM.Collect$$libshutdown$$0000000F)
    __rt_lib_shutdown_signal_1               0x0800029f   Thumb Code     0  libshutdown2.o(.ARM.Collect$$libshutdown$$00000009)
    __rt_lib_shutdown_stdio_1                0x0800029f   Thumb Code     0  libshutdown2.o(.ARM.Collect$$libshutdown$$00000003)
    __rt_lib_shutdown_user_alloc_1           0x0800029f   Thumb Code     0  libshutdown2.o(.ARM.Collect$$libshutdown$$0000000B)
    __rt_entry                               0x080002a1   Thumb Code     0  __rtentry.o(.ARM.Collect$$rtentry$$00000000)
    __rt_entry_presh_1                       0x080002a1   Thumb Code     0  __rtentry2.o(.ARM.Collect$$rtentry$$00000002)
    __rt_entry_sh                            0x080002a1   Thumb Code     0  __rtentry4.o(.ARM.Collect$$rtentry$$00000004)
    __rt_entry_li                            0x080002a7   Thumb Code     0  __rtentry2.o(.ARM.Collect$$rtentry$$0000000A)
    __rt_entry_postsh_1                      0x080002a7   Thumb Code     0  __rtentry2.o(.ARM.Collect$$rtentry$$00000009)
    __rt_entry_main                          0x080002ab   Thumb Code     0  __rtentry2.o(.ARM.Collect$$rtentry$$0000000D)
    __rt_entry_postli_1                      0x080002ab   Thumb Code     0  __rtentry2.o(.ARM.Collect$$rtentry$$0000000C)
    __rt_exit                                0x080002b3   Thumb Code     0  rtexit.o(.ARM.Collect$$rtexit$$00000000)
    __rt_exit_ls                             0x080002b5   Thumb Code     0  rtexit2.o(.ARM.Collect$$rtexit$$00000003)
    __rt_exit_prels_1                        0x080002b5   Thumb Code     0  rtexit2.o(.ARM.Collect$$rtexit$$00000002)
    __rt_exit_exit                           0x080002b9   Thumb Code     0  rtexit2.o(.ARM.Collect$$rtexit$$00000004)
    main                                     0x080002c1   Thumb Code   332  main.o(.text)
    NMI_Handler                              0x080004d9   Thumb Code     2  stm32f10x_it.o(.text)
    HardFault_Handler                        0x080004db   Thumb Code     4  stm32f10x_it.o(.text)
    MemManage_Handler                        0x080004df   Thumb Code     4  stm32f10x_it.o(.text)
    BusFault_Handler                         0x080004e3   Thumb Code     4  stm32f10x_it.o(.text)
    UsageFault_Handler                       0x080004e7   Thumb Code     4  stm32f10x_it.o(.text)
    SVC_Handler                              0x080004eb   Thumb Code     2  stm32f10x_it.o(.text)
    DebugMon_Handler                         0x080004ed   Thumb Code     2  stm32f10x_it.o(.text)
    PendSV_Handler                           0x080004ef   Thumb Code     2  stm32f10x_it.o(.text)
    SysTick_Handler                          0x080004f1   Thumb Code     2  stm32f10x_it.o(.text)
    SystemInit                               0x080005d3   Thumb Code    78  system_stm32f10x.o(.text)
    SystemCoreClockUpdate                    0x08000621   Thumb Code   142  system_stm32f10x.o(.text)
    TIM2_NVIC_Configuration                  0x080006d5   Thumb Code    42  timer.o(.text)
    TIM2_Configuration                       0x080006ff   Thumb Code   100  timer.o(.text)
    TIM2_IRQHandler                          0x08000763   Thumb Code    80  timer.o(.text)
    TIM4_Set                                 0x080007bd   Thumb Code    34  usart2.o(.text)
    USART2_IRQHandler                        0x080007df   Thumb Code    84  usart2.o(.text)
    TIM4_Init                                0x08000833   Thumb Code    82  usart2.o(.text)
    UART_DMA_Config                          0x08000885   Thumb Code    72  usart2.o(.text)
    USART2_Init                              0x080008cd   Thumb Code   204  usart2.o(.text)
    UART_DMA_Enable                          0x08000999   Thumb Code    32  usart2.o(.text)
    u2_printf                                0x080009b9   Thumb Code    56  usart2.o(.text)
    TIM4_IRQHandler                          0x080009f1   Thumb Code    40  usart2.o(.text)
    USART3_IRQHandler                        0x08000a19   Thumb Code   162  usart2.o(.text)
    USART3_Init                              0x08000abb   Thumb Code   170  usart2.o(.text)
    UART3SendByte                            0x08000b65   Thumb Code    28  usart2.o(.text)
    UART4_IRQHandler                         0x08000b81   Thumb Code   220  usart2.o(.text)
    USART4_Init                              0x08000c5d   Thumb Code   182  usart2.o(.text)
    UART4SendByte                            0x08000d13   Thumb Code    28  usart2.o(.text)
    EXTIX_Init                               0x08000d45   Thumb Code   112  exti.o(.text)
    EXTI0_IRQHandler                         0x08000db5   Thumb Code    24  exti.o(.text)
    GPIO_Config                              0x08000dd5   Thumb Code    96  gpio.o(.text)
    delay_init                               0x08000e39   Thumb Code    50  delay.o(.text)
    delay_us                                 0x08000e6b   Thumb Code    72  delay.o(.text)
    delay_ms                                 0x08000eb3   Thumb Code    72  delay.o(.text)
    NVIC_Configuration                       0x08000f0d   Thumb Code    12  sys.o(.text)
    _sys_exit                                0x08000f19   Thumb Code     6  usart.o(.text)
    fputc                                    0x08000f1f   Thumb Code    24  usart.o(.text)
    uart_init                                0x08000f37   Thumb Code   174  usart.o(.text)
    UART1SendByte                            0x08000fe5   Thumb Code    28  usart.o(.text)
    USART1_IRQHandler                        0x08001001   Thumb Code   104  usart.o(.text)
    Reset_Handler                            0x08001079   Thumb Code     8  startup_stm32f10x_hd.o(.text)
    ADC1_2_IRQHandler                        0x08001093   Thumb Code     0  startup_stm32f10x_hd.o(.text)
    ADC3_IRQHandler                          0x08001093   Thumb Code     0  startup_stm32f10x_hd.o(.text)
    CAN1_RX1_IRQHandler                      0x08001093   Thumb Code     0  startup_stm32f10x_hd.o(.text)
    CAN1_SCE_IRQHandler                      0x08001093   Thumb Code     0  startup_stm32f10x_hd.o(.text)
    DMA1_Channel1_IRQHandler                 0x08001093   Thumb Code     0  startup_stm32f10x_hd.o(.text)
    DMA1_Channel2_IRQHandler                 0x08001093   Thumb Code     0  startup_stm32f10x_hd.o(.text)
    DMA1_Channel3_IRQHandler                 0x08001093   Thumb Code     0  startup_stm32f10x_hd.o(.text)
    DMA1_Channel4_IRQHandler                 0x08001093   Thumb Code     0  startup_stm32f10x_hd.o(.text)
    DMA1_Channel5_IRQHandler                 0x08001093   Thumb Code     0  startup_stm32f10x_hd.o(.text)
    DMA1_Channel6_IRQHandler                 0x08001093   Thumb Code     0  startup_stm32f10x_hd.o(.text)
    DMA1_Channel7_IRQHandler                 0x08001093   Thumb Code     0  startup_stm32f10x_hd.o(.text)
    DMA2_Channel1_IRQHandler                 0x08001093   Thumb Code     0  startup_stm32f10x_hd.o(.text)
    DMA2_Channel2_IRQHandler                 0x08001093   Thumb Code     0  startup_stm32f10x_hd.o(.text)
    DMA2_Channel3_IRQHandler                 0x08001093   Thumb Code     0  startup_stm32f10x_hd.o(.text)
    DMA2_Channel4_5_IRQHandler               0x08001093   Thumb Code     0  startup_stm32f10x_hd.o(.text)
    EXTI15_10_IRQHandler                     0x08001093   Thumb Code     0  startup_stm32f10x_hd.o(.text)
    EXTI1_IRQHandler                         0x08001093   Thumb Code     0  startup_stm32f10x_hd.o(.text)
    EXTI2_IRQHandler                         0x08001093   Thumb Code     0  startup_stm32f10x_hd.o(.text)
    EXTI3_IRQHandler                         0x08001093   Thumb Code     0  startup_stm32f10x_hd.o(.text)
    EXTI4_IRQHandler                         0x08001093   Thumb Code     0  startup_stm32f10x_hd.o(.text)
    EXTI9_5_IRQHandler                       0x08001093   Thumb Code     0  startup_stm32f10x_hd.o(.text)
    FLASH_IRQHandler                         0x08001093   Thumb Code     0  startup_stm32f10x_hd.o(.text)
    FSMC_IRQHandler                          0x08001093   Thumb Code     0  startup_stm32f10x_hd.o(.text)
    I2C1_ER_IRQHandler                       0x08001093   Thumb Code     0  startup_stm32f10x_hd.o(.text)
    I2C1_EV_IRQHandler                       0x08001093   Thumb Code     0  startup_stm32f10x_hd.o(.text)
    I2C2_ER_IRQHandler                       0x08001093   Thumb Code     0  startup_stm32f10x_hd.o(.text)
    I2C2_EV_IRQHandler                       0x08001093   Thumb Code     0  startup_stm32f10x_hd.o(.text)
    PVD_IRQHandler                           0x08001093   Thumb Code     0  startup_stm32f10x_hd.o(.text)
    RCC_IRQHandler                           0x08001093   Thumb Code     0  startup_stm32f10x_hd.o(.text)
    RTCAlarm_IRQHandler                      0x08001093   Thumb Code     0  startup_stm32f10x_hd.o(.text)
    RTC_IRQHandler                           0x08001093   Thumb Code     0  startup_stm32f10x_hd.o(.text)
    SDIO_IRQHandler                          0x08001093   Thumb Code     0  startup_stm32f10x_hd.o(.text)
    SPI1_IRQHandler                          0x08001093   Thumb Code     0  startup_stm32f10x_hd.o(.text)
    SPI2_IRQHandler                          0x08001093   Thumb Code     0  startup_stm32f10x_hd.o(.text)
    SPI3_IRQHandler                          0x08001093   Thumb Code     0  startup_stm32f10x_hd.o(.text)
    TAMPER_IRQHandler                        0x08001093   Thumb Code     0  startup_stm32f10x_hd.o(.text)
    TIM1_BRK_IRQHandler                      0x08001093   Thumb Code     0  startup_stm32f10x_hd.o(.text)
    TIM1_CC_IRQHandler                       0x08001093   Thumb Code     0  startup_stm32f10x_hd.o(.text)
    TIM1_TRG_COM_IRQHandler                  0x08001093   Thumb Code     0  startup_stm32f10x_hd.o(.text)
    TIM1_UP_IRQHandler                       0x08001093   Thumb Code     0  startup_stm32f10x_hd.o(.text)
    TIM3_IRQHandler                          0x08001093   Thumb Code     0  startup_stm32f10x_hd.o(.text)
    TIM5_IRQHandler                          0x08001093   Thumb Code     0  startup_stm32f10x_hd.o(.text)
    TIM6_IRQHandler                          0x08001093   Thumb Code     0  startup_stm32f10x_hd.o(.text)
    TIM7_IRQHandler                          0x08001093   Thumb Code     0  startup_stm32f10x_hd.o(.text)
    TIM8_BRK_IRQHandler                      0x08001093   Thumb Code     0  startup_stm32f10x_hd.o(.text)
    TIM8_CC_IRQHandler                       0x08001093   Thumb Code     0  startup_stm32f10x_hd.o(.text)
    TIM8_TRG_COM_IRQHandler                  0x08001093   Thumb Code     0  startup_stm32f10x_hd.o(.text)
    TIM8_UP_IRQHandler                       0x08001093   Thumb Code     0  startup_stm32f10x_hd.o(.text)
    UART5_IRQHandler                         0x08001093   Thumb Code     0  startup_stm32f10x_hd.o(.text)
    USBWakeUp_IRQHandler                     0x08001093   Thumb Code     0  startup_stm32f10x_hd.o(.text)
    USB_HP_CAN1_TX_IRQHandler                0x08001093   Thumb Code     0  startup_stm32f10x_hd.o(.text)
    USB_LP_CAN1_RX0_IRQHandler               0x08001093   Thumb Code     0  startup_stm32f10x_hd.o(.text)
    WWDG_IRQHandler                          0x08001093   Thumb Code     0  startup_stm32f10x_hd.o(.text)
    __user_initial_stackheap                 0x08001095   Thumb Code     0  startup_stm32f10x_hd.o(.text)
    NVIC_PriorityGroupConfig                 0x080010b9   Thumb Code    10  misc.o(.text)
    NVIC_Init                                0x080010c3   Thumb Code   100  misc.o(.text)
    NVIC_SetVectorTable                      0x08001127   Thumb Code    14  misc.o(.text)
    NVIC_SystemLPConfig                      0x08001135   Thumb Code    34  misc.o(.text)
    SysTick_CLKSourceConfig                  0x08001157   Thumb Code    40  misc.o(.text)
    GPIO_DeInit                              0x08001195   Thumb Code   172  stm32f10x_gpio.o(.text)
    GPIO_AFIODeInit                          0x08001241   Thumb Code    20  stm32f10x_gpio.o(.text)
    GPIO_Init                                0x08001255   Thumb Code   278  stm32f10x_gpio.o(.text)
    GPIO_StructInit                          0x0800136b   Thumb Code    16  stm32f10x_gpio.o(.text)
    GPIO_ReadInputDataBit                    0x0800137b   Thumb Code    18  stm32f10x_gpio.o(.text)
    GPIO_ReadInputData                       0x0800138d   Thumb Code     8  stm32f10x_gpio.o(.text)
    GPIO_ReadOutputDataBit                   0x08001395   Thumb Code    18  stm32f10x_gpio.o(.text)
    GPIO_ReadOutputData                      0x080013a7   Thumb Code     8  stm32f10x_gpio.o(.text)
    GPIO_SetBits                             0x080013af   Thumb Code     4  stm32f10x_gpio.o(.text)
    GPIO_ResetBits                           0x080013b3   Thumb Code     4  stm32f10x_gpio.o(.text)
    GPIO_WriteBit                            0x080013b7   Thumb Code    10  stm32f10x_gpio.o(.text)
    GPIO_Write                               0x080013c1   Thumb Code     4  stm32f10x_gpio.o(.text)
    GPIO_PinLockConfig                       0x080013c5   Thumb Code    18  stm32f10x_gpio.o(.text)
    GPIO_EventOutputConfig                   0x080013d7   Thumb Code    26  stm32f10x_gpio.o(.text)
    GPIO_EventOutputCmd                      0x080013f1   Thumb Code     6  stm32f10x_gpio.o(.text)
    GPIO_PinRemapConfig                      0x080013f7   Thumb Code   138  stm32f10x_gpio.o(.text)
    GPIO_EXTILineConfig                      0x08001481   Thumb Code    66  stm32f10x_gpio.o(.text)
    GPIO_ETH_MediaInterfaceConfig            0x080014c3   Thumb Code     8  stm32f10x_gpio.o(.text)
    RCC_DeInit                               0x080014f1   Thumb Code    64  stm32f10x_rcc.o(.text)
    RCC_HSEConfig                            0x08001531   Thumb Code    70  stm32f10x_rcc.o(.text)
    RCC_GetFlagStatus                        0x08001577   Thumb Code    56  stm32f10x_rcc.o(.text)
    RCC_WaitForHSEStartUp                    0x080015af   Thumb Code    56  stm32f10x_rcc.o(.text)
    RCC_AdjustHSICalibrationValue            0x080015e7   Thumb Code    20  stm32f10x_rcc.o(.text)
    RCC_HSICmd                               0x080015fb   Thumb Code     6  stm32f10x_rcc.o(.text)
    RCC_PLLConfig                            0x08001601   Thumb Code    24  stm32f10x_rcc.o(.text)
    RCC_PLLCmd                               0x08001619   Thumb Code     6  stm32f10x_rcc.o(.text)
    RCC_SYSCLKConfig                         0x0800161f   Thumb Code    18  stm32f10x_rcc.o(.text)
    RCC_GetSYSCLKSource                      0x08001631   Thumb Code    10  stm32f10x_rcc.o(.text)
    RCC_HCLKConfig                           0x0800163b   Thumb Code    18  stm32f10x_rcc.o(.text)
    RCC_PCLK1Config                          0x0800164d   Thumb Code    18  stm32f10x_rcc.o(.text)
    RCC_PCLK2Config                          0x0800165f   Thumb Code    20  stm32f10x_rcc.o(.text)
    RCC_ITConfig                             0x08001673   Thumb Code    26  stm32f10x_rcc.o(.text)
    RCC_USBCLKConfig                         0x0800168d   Thumb Code     8  stm32f10x_rcc.o(.text)
    RCC_ADCCLKConfig                         0x08001695   Thumb Code    18  stm32f10x_rcc.o(.text)
    RCC_LSEConfig                            0x080016a7   Thumb Code    50  stm32f10x_rcc.o(.text)
    RCC_LSICmd                               0x080016d9   Thumb Code     6  stm32f10x_rcc.o(.text)
    RCC_RTCCLKConfig                         0x080016df   Thumb Code    12  stm32f10x_rcc.o(.text)
    RCC_RTCCLKCmd                            0x080016eb   Thumb Code     8  stm32f10x_rcc.o(.text)
    RCC_GetClocksFreq                        0x080016f3   Thumb Code   192  stm32f10x_rcc.o(.text)
    RCC_AHBPeriphClockCmd                    0x080017b3   Thumb Code    26  stm32f10x_rcc.o(.text)
    RCC_APB2PeriphClockCmd                   0x080017cd   Thumb Code    26  stm32f10x_rcc.o(.text)
    RCC_APB1PeriphClockCmd                   0x080017e7   Thumb Code    26  stm32f10x_rcc.o(.text)
    RCC_APB2PeriphResetCmd                   0x08001801   Thumb Code    26  stm32f10x_rcc.o(.text)
    RCC_APB1PeriphResetCmd                   0x0800181b   Thumb Code    26  stm32f10x_rcc.o(.text)
    RCC_BackupResetCmd                       0x08001835   Thumb Code     8  stm32f10x_rcc.o(.text)
    RCC_ClockSecuritySystemCmd               0x0800183d   Thumb Code     6  stm32f10x_rcc.o(.text)
    RCC_MCOConfig                            0x08001843   Thumb Code     6  stm32f10x_rcc.o(.text)
    RCC_ClearFlag                            0x08001849   Thumb Code    14  stm32f10x_rcc.o(.text)
    RCC_GetITStatus                          0x08001857   Thumb Code    20  stm32f10x_rcc.o(.text)
    RCC_ClearITPendingBit                    0x0800186b   Thumb Code     6  stm32f10x_rcc.o(.text)
    USART_DeInit                             0x08001895   Thumb Code   134  stm32f10x_usart.o(.text)
    USART_Init                               0x0800191b   Thumb Code   210  stm32f10x_usart.o(.text)
    USART_StructInit                         0x080019ed   Thumb Code    24  stm32f10x_usart.o(.text)
    USART_ClockInit                          0x08001a05   Thumb Code    34  stm32f10x_usart.o(.text)
    USART_ClockStructInit                    0x08001a27   Thumb Code    12  stm32f10x_usart.o(.text)
    USART_Cmd                                0x08001a33   Thumb Code    24  stm32f10x_usart.o(.text)
    USART_ITConfig                           0x08001a4b   Thumb Code    74  stm32f10x_usart.o(.text)
    USART_DMACmd                             0x08001a95   Thumb Code    18  stm32f10x_usart.o(.text)
    USART_SetAddress                         0x08001aa7   Thumb Code    18  stm32f10x_usart.o(.text)
    USART_WakeUpConfig                       0x08001ab9   Thumb Code    18  stm32f10x_usart.o(.text)
    USART_ReceiverWakeUpCmd                  0x08001acb   Thumb Code    24  stm32f10x_usart.o(.text)
    USART_LINBreakDetectLengthConfig         0x08001ae3   Thumb Code    18  stm32f10x_usart.o(.text)
    USART_LINCmd                             0x08001af5   Thumb Code    24  stm32f10x_usart.o(.text)
    USART_SendData                           0x08001b0d   Thumb Code     8  stm32f10x_usart.o(.text)
    USART_ReceiveData                        0x08001b15   Thumb Code    10  stm32f10x_usart.o(.text)
    USART_SendBreak                          0x08001b1f   Thumb Code    10  stm32f10x_usart.o(.text)
    USART_SetGuardTime                       0x08001b29   Thumb Code    16  stm32f10x_usart.o(.text)
    USART_SetPrescaler                       0x08001b39   Thumb Code    16  stm32f10x_usart.o(.text)
    USART_SmartCardCmd                       0x08001b49   Thumb Code    24  stm32f10x_usart.o(.text)
    USART_SmartCardNACKCmd                   0x08001b61   Thumb Code    24  stm32f10x_usart.o(.text)
    USART_HalfDuplexCmd                      0x08001b79   Thumb Code    24  stm32f10x_usart.o(.text)
    USART_OverSampling8Cmd                   0x08001b91   Thumb Code    22  stm32f10x_usart.o(.text)
    USART_OneBitMethodCmd                    0x08001ba7   Thumb Code    24  stm32f10x_usart.o(.text)
    USART_IrDAConfig                         0x08001bbf   Thumb Code    18  stm32f10x_usart.o(.text)
    USART_IrDACmd                            0x08001bd1   Thumb Code    24  stm32f10x_usart.o(.text)
    USART_GetFlagStatus                      0x08001be9   Thumb Code    26  stm32f10x_usart.o(.text)
    USART_ClearFlag                          0x08001c03   Thumb Code    18  stm32f10x_usart.o(.text)
    USART_GetITStatus                        0x08001c15   Thumb Code    84  stm32f10x_usart.o(.text)
    USART_ClearITPendingBit                  0x08001c69   Thumb Code    52  stm32f10x_usart.o(.text)
    TIM_DeInit                               0x08001c9d   Thumb Code   424  stm32f10x_tim.o(.text)
    TIM_TimeBaseInit                         0x08001e45   Thumb Code   122  stm32f10x_tim.o(.text)
    TIM_OC1Init                              0x08001ebf   Thumb Code   132  stm32f10x_tim.o(.text)
    TIM_OC2Init                              0x08001f43   Thumb Code   154  stm32f10x_tim.o(.text)
    TIM_OC3Init                              0x08001fdd   Thumb Code   150  stm32f10x_tim.o(.text)
    TIM_OC4Init                              0x08002073   Thumb Code   182  stm32f10x_tim.o(.text)
    TIM_SetIC4Prescaler                      0x08002129   Thumb Code    26  stm32f10x_tim.o(.text)
    TIM_SetIC3Prescaler                      0x080021c5   Thumb Code    18  stm32f10x_tim.o(.text)
    TIM_SetIC2Prescaler                      0x08002251   Thumb Code    26  stm32f10x_tim.o(.text)
    TIM_SetIC1Prescaler                      0x080022ed   Thumb Code    18  stm32f10x_tim.o(.text)
    TIM_ICInit                               0x0800236b   Thumb Code   150  stm32f10x_tim.o(.text)
    TIM_PWMIConfig                           0x08002401   Thumb Code   124  stm32f10x_tim.o(.text)
    TIM_BDTRConfig                           0x0800247d   Thumb Code    32  stm32f10x_tim.o(.text)
    TIM_TimeBaseStructInit                   0x0800249d   Thumb Code    18  stm32f10x_tim.o(.text)
    TIM_OCStructInit                         0x080024af   Thumb Code    20  stm32f10x_tim.o(.text)
    TIM_ICStructInit                         0x080024c3   Thumb Code    18  stm32f10x_tim.o(.text)
    TIM_BDTRStructInit                       0x080024d5   Thumb Code    40  stm32f10x_tim.o(.text)
    TIM_Cmd                                  0x080024fd   Thumb Code    24  stm32f10x_tim.o(.text)
    TIM_CtrlPWMOutputs                       0x08002515   Thumb Code    30  stm32f10x_tim.o(.text)
    TIM_ITConfig                             0x08002533   Thumb Code    18  stm32f10x_tim.o(.text)
    TIM_GenerateEvent                        0x08002545   Thumb Code     4  stm32f10x_tim.o(.text)
    TIM_DMAConfig                            0x08002549   Thumb Code    10  stm32f10x_tim.o(.text)
    TIM_DMACmd                               0x08002553   Thumb Code    18  stm32f10x_tim.o(.text)
    TIM_InternalClockConfig                  0x08002565   Thumb Code    12  stm32f10x_tim.o(.text)
    TIM_SelectInputTrigger                   0x08002571   Thumb Code    18  stm32f10x_tim.o(.text)
    TIM_ITRxExternalClockConfig              0x08002583   Thumb Code    24  stm32f10x_tim.o(.text)
    TIM_TIxExternalClockConfig               0x0800259b   Thumb Code    62  stm32f10x_tim.o(.text)
    TIM_ETRConfig                            0x080025d9   Thumb Code    28  stm32f10x_tim.o(.text)
    TIM_ETRClockMode1Config                  0x080025f5   Thumb Code    54  stm32f10x_tim.o(.text)
    TIM_ETRClockMode2Config                  0x0800262b   Thumb Code    32  stm32f10x_tim.o(.text)
    TIM_PrescalerConfig                      0x0800264b   Thumb Code     6  stm32f10x_tim.o(.text)
    TIM_CounterModeConfig                    0x08002651   Thumb Code    18  stm32f10x_tim.o(.text)
    TIM_EncoderInterfaceConfig               0x08002663   Thumb Code    66  stm32f10x_tim.o(.text)
    TIM_ForcedOC1Config                      0x080026a5   Thumb Code    18  stm32f10x_tim.o(.text)
    TIM_ForcedOC2Config                      0x080026b7   Thumb Code    26  stm32f10x_tim.o(.text)
    TIM_ForcedOC3Config                      0x080026d1   Thumb Code    18  stm32f10x_tim.o(.text)
    TIM_ForcedOC4Config                      0x080026e3   Thumb Code    26  stm32f10x_tim.o(.text)
    TIM_ARRPreloadConfig                     0x080026fd   Thumb Code    24  stm32f10x_tim.o(.text)
    TIM_SelectCOM                            0x08002715   Thumb Code    24  stm32f10x_tim.o(.text)
    TIM_SelectCCDMA                          0x0800272d   Thumb Code    24  stm32f10x_tim.o(.text)
    TIM_CCPreloadControl                     0x08002745   Thumb Code    24  stm32f10x_tim.o(.text)
    TIM_OC1PreloadConfig                     0x0800275d   Thumb Code    18  stm32f10x_tim.o(.text)
    TIM_OC2PreloadConfig                     0x0800276f   Thumb Code    26  stm32f10x_tim.o(.text)
    TIM_OC3PreloadConfig                     0x08002789   Thumb Code    18  stm32f10x_tim.o(.text)
    TIM_OC4PreloadConfig                     0x0800279b   Thumb Code    26  stm32f10x_tim.o(.text)
    TIM_OC1FastConfig                        0x080027b5   Thumb Code    18  stm32f10x_tim.o(.text)
    TIM_OC2FastConfig                        0x080027c7   Thumb Code    26  stm32f10x_tim.o(.text)
    TIM_OC3FastConfig                        0x080027e1   Thumb Code    18  stm32f10x_tim.o(.text)
    TIM_OC4FastConfig                        0x080027f3   Thumb Code    26  stm32f10x_tim.o(.text)
    TIM_ClearOC1Ref                          0x0800280d   Thumb Code    18  stm32f10x_tim.o(.text)
    TIM_ClearOC2Ref                          0x0800281f   Thumb Code    24  stm32f10x_tim.o(.text)
    TIM_ClearOC3Ref                          0x08002837   Thumb Code    18  stm32f10x_tim.o(.text)
    TIM_ClearOC4Ref                          0x08002849   Thumb Code    24  stm32f10x_tim.o(.text)
    TIM_OC1PolarityConfig                    0x08002861   Thumb Code    18  stm32f10x_tim.o(.text)
    TIM_OC1NPolarityConfig                   0x08002873   Thumb Code    18  stm32f10x_tim.o(.text)
    TIM_OC2PolarityConfig                    0x08002885   Thumb Code    26  stm32f10x_tim.o(.text)
    TIM_OC2NPolarityConfig                   0x0800289f   Thumb Code    26  stm32f10x_tim.o(.text)
    TIM_OC3PolarityConfig                    0x080028b9   Thumb Code    26  stm32f10x_tim.o(.text)
    TIM_OC3NPolarityConfig                   0x080028d3   Thumb Code    26  stm32f10x_tim.o(.text)
    TIM_OC4PolarityConfig                    0x080028ed   Thumb Code    26  stm32f10x_tim.o(.text)
    TIM_CCxCmd                               0x08002907   Thumb Code    30  stm32f10x_tim.o(.text)
    TIM_CCxNCmd                              0x08002925   Thumb Code    30  stm32f10x_tim.o(.text)
    TIM_SelectOCxM                           0x08002943   Thumb Code    82  stm32f10x_tim.o(.text)
    TIM_UpdateDisableConfig                  0x08002995   Thumb Code    24  stm32f10x_tim.o(.text)
    TIM_UpdateRequestConfig                  0x080029ad   Thumb Code    24  stm32f10x_tim.o(.text)
    TIM_SelectHallSensor                     0x080029c5   Thumb Code    24  stm32f10x_tim.o(.text)
    TIM_SelectOnePulseMode                   0x080029dd   Thumb Code    18  stm32f10x_tim.o(.text)
    TIM_SelectOutputTrigger                  0x080029ef   Thumb Code    18  stm32f10x_tim.o(.text)
    TIM_SelectSlaveMode                      0x08002a01   Thumb Code    18  stm32f10x_tim.o(.text)
    TIM_SelectMasterSlaveMode                0x08002a13   Thumb Code    18  stm32f10x_tim.o(.text)
    TIM_SetCounter                           0x08002a25   Thumb Code     4  stm32f10x_tim.o(.text)
    TIM_SetAutoreload                        0x08002a29   Thumb Code     4  stm32f10x_tim.o(.text)
    TIM_SetCompare1                          0x08002a2d   Thumb Code     4  stm32f10x_tim.o(.text)
    TIM_SetCompare2                          0x08002a31   Thumb Code     4  stm32f10x_tim.o(.text)
    TIM_SetCompare3                          0x08002a35   Thumb Code     4  stm32f10x_tim.o(.text)
    TIM_SetCompare4                          0x08002a39   Thumb Code     6  stm32f10x_tim.o(.text)
    TIM_SetClockDivision                     0x08002a3f   Thumb Code    18  stm32f10x_tim.o(.text)
    TIM_GetCapture1                          0x08002a51   Thumb Code     6  stm32f10x_tim.o(.text)
    TIM_GetCapture2                          0x08002a57   Thumb Code     6  stm32f10x_tim.o(.text)
    TIM_GetCapture3                          0x08002a5d   Thumb Code     6  stm32f10x_tim.o(.text)
    TIM_GetCapture4                          0x08002a63   Thumb Code     8  stm32f10x_tim.o(.text)
    TIM_GetCounter                           0x08002a6b   Thumb Code     6  stm32f10x_tim.o(.text)
    TIM_GetPrescaler                         0x08002a71   Thumb Code     6  stm32f10x_tim.o(.text)
    TIM_GetFlagStatus                        0x08002a77   Thumb Code    18  stm32f10x_tim.o(.text)
    TIM_ClearFlag                            0x08002a89   Thumb Code     6  stm32f10x_tim.o(.text)
    TIM_GetITStatus                          0x08002a8f   Thumb Code    34  stm32f10x_tim.o(.text)
    TIM_ClearITPendingBit                    0x08002ab1   Thumb Code     6  stm32f10x_tim.o(.text)
    DMA_DeInit                               0x08002ab9   Thumb Code   324  stm32f10x_dma.o(.text)
    DMA_Init                                 0x08002bfd   Thumb Code    60  stm32f10x_dma.o(.text)
    DMA_StructInit                           0x08002c39   Thumb Code    26  stm32f10x_dma.o(.text)
    DMA_Cmd                                  0x08002c53   Thumb Code    24  stm32f10x_dma.o(.text)
    DMA_ITConfig                             0x08002c6b   Thumb Code    18  stm32f10x_dma.o(.text)
    DMA_SetCurrDataCounter                   0x08002c7d   Thumb Code     4  stm32f10x_dma.o(.text)
    DMA_GetCurrDataCounter                   0x08002c81   Thumb Code     8  stm32f10x_dma.o(.text)
    DMA_GetFlagStatus                        0x08002c89   Thumb Code    40  stm32f10x_dma.o(.text)
    DMA_ClearFlag                            0x08002cb1   Thumb Code    22  stm32f10x_dma.o(.text)
    DMA_GetITStatus                          0x08002cc7   Thumb Code    40  stm32f10x_dma.o(.text)
    DMA_ClearITPendingBit                    0x08002cef   Thumb Code    22  stm32f10x_dma.o(.text)
    EXTI_DeInit                              0x08002d0d   Thumb Code    28  stm32f10x_exti.o(.text)
    EXTI_Init                                0x08002d29   Thumb Code   142  stm32f10x_exti.o(.text)
    EXTI_StructInit                          0x08002db7   Thumb Code    16  stm32f10x_exti.o(.text)
    EXTI_GenerateSWInterrupt                 0x08002dc7   Thumb Code    16  stm32f10x_exti.o(.text)
    EXTI_GetFlagStatus                       0x08002dd7   Thumb Code    22  stm32f10x_exti.o(.text)
    EXTI_ClearFlag                           0x08002ded   Thumb Code     8  stm32f10x_exti.o(.text)
    EXTI_GetITStatus                         0x08002df5   Thumb Code    34  stm32f10x_exti.o(.text)
    EXTI_ClearITPendingBit                   0x08002e17   Thumb Code     8  stm32f10x_exti.o(.text)
    sim_at_response                          0x08002e29   Thumb Code    46  sim900a.o(.text)
    sim900a_check_cmd                        0x08002e57   Thumb Code    44  sim900a.o(.text)
    sim900a_send_cmd                         0x08002e83   Thumb Code   104  sim900a.o(.text)
    sim900a_chr2hex                          0x08002eeb   Thumb Code    54  sim900a.o(.text)
    sim900a_hex2chr                          0x08002f21   Thumb Code    34  sim900a.o(.text)
    sim900a_word_test                        0x08002f43   Thumb Code    88  sim900a.o(.text)
    SIM900A_CONNECT_SERVER                   0x08002f9b   Thumb Code   122  sim900a.o(.text)
    SIM900A_GPRS_SEND_DATA                   0x08003015   Thumb Code    58  sim900a.o(.text)
    SIM900A_MESSAGE_MODE                     0x0800304f   Thumb Code   122  sim900a.o(.text)
    SIM900A_SEND_MESSAGE                     0x080030c9   Thumb Code    76  sim900a.o(.text)
    SIM808_GPS_HANDLE                        0x08003115   Thumb Code   704  sim900a.o(.text)
    __use_no_semihosting                     0x080033d5   Thumb Code     2  use_no_semi_2.o(.text)
    __c89vsprintf                            0x080033d9   Thumb Code    32  c89vsprintf.o(.text)
    __2printf                                0x080033fd   Thumb Code    20  __2printf.o(.text)
    __2sprintf                               0x08003415   Thumb Code    38  __2sprintf.o(.text)
    _printf_str                              0x08003441   Thumb Code    82  _printf_str.o(.text)
    __printf                                 0x08003495   Thumb Code   388  __printf_flags_ss_wp.o(.text)
    strtok                                   0x0800361d   Thumb Code     6  strtok.o(.text)
    strstr                                   0x08003629   Thumb Code    36  strstr.o(.text)
    strcpy                                   0x0800364d   Thumb Code    72  strcpy.o(.text)
    strlen                                   0x08003695   Thumb Code    62  strlen.o(.text)
    strcat                                   0x080036d3   Thumb Code    24  strcat.o(.text)
    __use_two_region_memory                  0x080036eb   Thumb Code     2  heapauxi.o(.text)
    __rt_heap_escrow$2region                 0x080036ed   Thumb Code     2  heapauxi.o(.text)
    __rt_heap_expand$2region                 0x080036ef   Thumb Code     2  heapauxi.o(.text)
    __I$use$semihosting                      0x080036f1   Thumb Code     0  use_no_semi.o(.text)
    __use_no_semihosting_swi                 0x080036f1   Thumb Code     2  use_no_semi.o(.text)
    _printf_pre_padding                      0x080036f3   Thumb Code    44  _printf_pad.o(.text)
    _printf_post_padding                     0x0800371f   Thumb Code    34  _printf_pad.o(.text)
    _printf_truncate_signed                  0x08003741   Thumb Code    18  _printf_truncate.o(.text)
    _printf_truncate_unsigned                0x08003753   Thumb Code    18  _printf_truncate.o(.text)
    _printf_int_dec                          0x08003765   Thumb Code   104  _printf_dec.o(.text)
    _printf_charcount                        0x080037dd   Thumb Code    40  _printf_charcount.o(.text)
    _printf_char_common                      0x0800380f   Thumb Code    32  _printf_char_common.o(.text)
    _sputc                                   0x08003835   Thumb Code    10  _sputc.o(.text)
    _printf_cs_common                        0x0800383f   Thumb Code    20  _printf_char.o(.text)
    _printf_char                             0x08003853   Thumb Code    16  _printf_char.o(.text)
    _printf_string                           0x08003863   Thumb Code     8  _printf_char.o(.text)
    _printf_char_file                        0x0800386d   Thumb Code    32  _printf_char_file.o(.text)
    _printf_wctomb                           0x08003891   Thumb Code   182  _printf_wctomb.o(.text)
    _printf_longlong_dec                     0x0800394d   Thumb Code   108  _printf_longlong_dec.o(.text)
    _printf_longlong_oct                     0x080039c9   Thumb Code    68  _printf_oct_int_ll.o(.text)
    _printf_int_oct                          0x08003a0d   Thumb Code    24  _printf_oct_int_ll.o(.text)
    _printf_ll_oct                           0x08003a25   Thumb Code    12  _printf_oct_int_ll.o(.text)
    _printf_longlong_hex                     0x08003a39   Thumb Code    86  _printf_hex_int_ll_ptr.o(.text)
    _printf_int_hex                          0x08003a8f   Thumb Code    28  _printf_hex_int_ll_ptr.o(.text)
    _printf_ll_hex                           0x08003aab   Thumb Code    12  _printf_hex_int_ll_ptr.o(.text)
    _printf_hex_ptr                          0x08003ab7   Thumb Code    18  _printf_hex_int_ll_ptr.o(.text)
    __strtok_internal                        0x08003acd   Thumb Code    64  strtok_int.o(.text)
    _ll_udiv10                               0x08003b11   Thumb Code   138  lludiv10.o(.text)
    _printf_int_common                       0x08003b9b   Thumb Code   178  _printf_intcommon.o(.text)
    __lib_sel_fp_printf                      0x08003c4d   Thumb Code     2  _printf_fp_dec.o(.text)
    _printf_fp_dec_real                      0x08003dfb   Thumb Code   620  _printf_fp_dec.o(.text)
    _printf_lcs_common                       0x08004067   Thumb Code    20  _printf_wchar.o(.text)
    _printf_wchar                            0x0800407b   Thumb Code    16  _printf_wchar.o(.text)
    _printf_wstring                          0x0800408b   Thumb Code     8  _printf_wchar.o(.text)
    ferror                                   0x08004093   Thumb Code     8  ferror.o(.text)
    _wcrtomb                                 0x0800409b   Thumb Code    64  _wcrtomb.o(.text)
    strcspn                                  0x080040db   Thumb Code    32  strcspn.o(.text)
    strspn                                   0x080040fb   Thumb Code    28  strspn.o(.text)
    __user_setup_stackheap                   0x08004117   Thumb Code    74  sys_stackheap_outer.o(.text)
    __rt_ctype_table                         0x08004161   Thumb Code    16  rt_ctype_table.o(.text)
    __rt_locale                              0x08004171   Thumb Code     8  rt_locale_intlibspace.o(.text)
    _printf_fp_infnan                        0x08004179   Thumb Code   112  _printf_fp_infnan.o(.text)
    _btod_etento                             0x080041f9   Thumb Code   216  bigflt0.o(.text)
    exit                                     0x080042d5   Thumb Code    12  exit.o(.text)
    __user_libspace                          0x080042e1   Thumb Code     8  libspace.o(.text)
    __user_perproc_libspace                  0x080042e1   Thumb Code     0  libspace.o(.text)
    __user_perthread_libspace                0x080042e1   Thumb Code     0  libspace.o(.text)
    strcmp                                   0x080042e9   Thumb Code   128  strcmpv7m.o(.text)
    _btod_d2e                                0x08004369   Thumb Code    62  btod.o(CL$$btod_d2e)
    _d2e_denorm_low                          0x080043a7   Thumb Code    70  btod.o(CL$$btod_d2e_denorm_low)
    _d2e_norm_op1                            0x080043ed   Thumb Code    96  btod.o(CL$$btod_d2e_norm_op1)
    __btod_div_common                        0x0800444d   Thumb Code   696  btod.o(CL$$btod_div_common)
    _e2e                                     0x08004785   Thumb Code   198  btod.o(CL$$btod_e2e)
    _btod_ediv                               0x0800484b   Thumb Code    40  btod.o(CL$$btod_ediv)
    _btod_emul                               0x08004873   Thumb Code    40  btod.o(CL$$btod_emul)
    __btod_mult_common                       0x0800489b   Thumb Code   580  btod.o(CL$$btod_mult_common)
    __ARM_fpclassify                         0x08004adf   Thumb Code    40  fpclassify.o(i.__ARM_fpclassify)
    _is_digit                                0x08004b07   Thumb Code    14  __printf_wp.o(i._is_digit)
    _get_lc_numeric                          0x08004b15   Thumb Code    44  lc_numeric_c.o(locale$$code)
    _get_lc_ctype                            0x08004b41   Thumb Code    44  lc_ctype_c.o(locale$$code)
    _printf_fp_dec                           0x08004b6d   Thumb Code     4  printf1.o(x$fpl$printf1)
    __I$use$fp                               0x08004b70   Number         0  usenofp.o(x$fpl$usenofp)
    Region$$Table$$Base                      0x08004c48   Number         0  anon$$obj.o(Region$$Table)
    Region$$Table$$Limit                     0x08004c68   Number         0  anon$$obj.o(Region$$Table)
    __ctype                                  0x08004c91   Data           0  lc_ctype_c.o(locale$$data)
    BMP1                                     0x20000000   Data        1024  main.o(.data)
    BMP2                                     0x20000400   Data        1024  main.o(.data)
    ip                                       0x20000800   Data          14  main.o(.data)
    port                                     0x2000080e   Data           5  main.o(.data)
    id                                       0x20000813   Data          14  main.o(.data)
    SystemCoreClock                          0x20000824   Data           4  system_stm32f10x.o(.data)
    AHBPrescTable                            0x20000828   Data          16  system_stm32f10x.o(.data)
    time_count                               0x20000838   Data           2  timer.o(.data)
    USART2_RX_STA                            0x2000083a   Data           2  usart2.o(.data)
    USART3_RX_STA                            0x2000083c   Data           2  usart2.o(.data)
    USART4_RX_STA                            0x2000083e   Data           2  usart2.o(.data)
    Flag_Send_data                           0x20000840   Data           4  exti.o(.data)
    __stdout                                 0x20000848   Data           4  usart.o(.data)
    USART_RX_STA                             0x2000084c   Data           2  usart.o(.data)
    SIM900_CSQ                               0x20000862   Data           3  sim900a.o(.data)
    Flag_send_message                        0x20000865   Data           1  sim900a.o(.data)
    USART2_TX_BUF                            0x20000870   Data        1024  usart2.o(.bss)
    USART3_TX_BUF                            0x20000c70   Data         100  usart2.o(.bss)
    USART2_RX_BUF                            0x20000cd4   Data        1024  usart2.o(.bss)
    USART3_RX_BUF                            0x200010d4   Data         100  usart2.o(.bss)
    USART4_RX_BUF                            0x20001138   Data         100  usart2.o(.bss)
    USART_RX_BUF                             0x2000119c   Data        3000  usart.o(.bss)
    dtbuf                                    0x20001d54   Data          50  sim900a.o(.bss)
    __libspace_start                         0x20001d88   Data          96  libspace.o(.bss)
    __temporary_stack_top$libspace           0x20001de8   Data           0  libspace.o(.bss)



==============================================================================

Memory Map of the image

  Image Entry point : 0x08000131

  Load Region LR_IROM1 (Base: 0x08000000, Size: 0x00005600, Max: 0x00040000, ABSOLUTE, COMPRESSED[0x00004fb8])

    Execution Region ER_IROM1 (Base: 0x08000000, Size: 0x00004d94, Max: 0x00040000, ABSOLUTE)

    Base Addr    Size         Type   Attr      Idx    E Section Name        Object

    0x08000000   0x00000130   Data   RO          284    RESET               startup_stm32f10x_hd.o
    0x08000130   0x00000008   Code   RO          472  * !!!main             c_w.l(__main.o)
    0x08000138   0x00000034   Code   RO          769    !!!scatter          c_w.l(__scatter.o)
    0x0800016c   0x00000064   Code   RO          767    !!dclz77c           c_w.l(__dclz77c.o)
    0x080001d0   0x0000001c   Code   RO          771    !!handler_zi        c_w.l(__scatter_zi.o)
    0x080001ec   0x00000000   Code   RO          458    .ARM.Collect$$_printf_percent$$00000000  c_w.l(_printf_percent.o)
    0x080001ec   0x00000006   Code   RO          526    .ARM.Collect$$_printf_percent$$00000001  c_w.l(_printf_n.o)
    0x080001f2   0x00000006   Code   RO          528    .ARM.Collect$$_printf_percent$$00000002  c_w.l(_printf_p.o)
    0x080001f8   0x00000006   Code   RO          533    .ARM.Collect$$_printf_percent$$00000003  c_w.l(_printf_f.o)
    0x080001fe   0x00000006   Code   RO          534    .ARM.Collect$$_printf_percent$$00000004  c_w.l(_printf_e.o)
    0x08000204   0x00000006   Code   RO          535    .ARM.Collect$$_printf_percent$$00000005  c_w.l(_printf_g.o)
    0x0800020a   0x00000006   Code   RO          536    .ARM.Collect$$_printf_percent$$00000006  c_w.l(_printf_a.o)
    0x08000210   0x0000000a   Code   RO          541    .ARM.Collect$$_printf_percent$$00000007  c_w.l(_printf_ll.o)
    0x0800021a   0x00000006   Code   RO          530    .ARM.Collect$$_printf_percent$$00000008  c_w.l(_printf_i.o)
    0x08000220   0x00000006   Code   RO          531    .ARM.Collect$$_printf_percent$$00000009  c_w.l(_printf_d.o)
    0x08000226   0x00000006   Code   RO          532    .ARM.Collect$$_printf_percent$$0000000A  c_w.l(_printf_u.o)
    0x0800022c   0x00000006   Code   RO          529    .ARM.Collect$$_printf_percent$$0000000B  c_w.l(_printf_o.o)
    0x08000232   0x00000006   Code   RO          527    .ARM.Collect$$_printf_percent$$0000000C  c_w.l(_printf_x.o)
    0x08000238   0x00000006   Code   RO          538    .ARM.Collect$$_printf_percent$$0000000D  c_w.l(_printf_lli.o)
    0x0800023e   0x00000006   Code   RO          539    .ARM.Collect$$_printf_percent$$0000000E  c_w.l(_printf_lld.o)
    0x08000244   0x00000006   Code   RO          540    .ARM.Collect$$_printf_percent$$0000000F  c_w.l(_printf_llu.o)
    0x0800024a   0x00000006   Code   RO          545    .ARM.Collect$$_printf_percent$$00000010  c_w.l(_printf_llo.o)
    0x08000250   0x00000006   Code   RO          546    .ARM.Collect$$_printf_percent$$00000011  c_w.l(_printf_llx.o)
    0x08000256   0x0000000a   Code   RO          542    .ARM.Collect$$_printf_percent$$00000012  c_w.l(_printf_l.o)
    0x08000260   0x00000006   Code   RO          525    .ARM.Collect$$_printf_percent$$00000013  c_w.l(_printf_c.o)
    0x08000266   0x00000006   Code   RO          457    .ARM.Collect$$_printf_percent$$00000014  c_w.l(_printf_s.o)
    0x0800026c   0x00000006   Code   RO          543    .ARM.Collect$$_printf_percent$$00000015  c_w.l(_printf_lc.o)
    0x08000272   0x00000006   Code   RO          544    .ARM.Collect$$_printf_percent$$00000016  c_w.l(_printf_ls.o)
    0x08000278   0x00000004   Code   RO          537    .ARM.Collect$$_printf_percent$$00000017  c_w.l(_printf_percent_end.o)
    0x0800027c   0x00000002   Code   RO          632    .ARM.Collect$$libinit$$00000000  c_w.l(libinit.o)
    0x0800027e   0x00000000   Code   RO          649    .ARM.Collect$$libinit$$00000002  c_w.l(libinit2.o)
    0x0800027e   0x00000000   Code   RO          651    .ARM.Collect$$libinit$$00000004  c_w.l(libinit2.o)
    0x0800027e   0x00000000   Code   RO          654    .ARM.Collect$$libinit$$0000000A  c_w.l(libinit2.o)
    0x0800027e   0x00000000   Code   RO          656    .ARM.Collect$$libinit$$0000000C  c_w.l(libinit2.o)
    0x0800027e   0x00000000   Code   RO          658    .ARM.Collect$$libinit$$0000000E  c_w.l(libinit2.o)
    0x0800027e   0x00000006   Code   RO          659    .ARM.Collect$$libinit$$0000000F  c_w.l(libinit2.o)
    0x08000284   0x00000000   Code   RO          661    .ARM.Collect$$libinit$$00000011  c_w.l(libinit2.o)
    0x08000284   0x0000000c   Code   RO          662    .ARM.Collect$$libinit$$00000012  c_w.l(libinit2.o)
    0x08000290   0x00000000   Code   RO          663    .ARM.Collect$$libinit$$00000013  c_w.l(libinit2.o)
    0x08000290   0x00000000   Code   RO          665    .ARM.Collect$$libinit$$00000015  c_w.l(libinit2.o)
    0x08000290   0x0000000a   Code   RO          666    .ARM.Collect$$libinit$$00000016  c_w.l(libinit2.o)
    0x0800029a   0x00000000   Code   RO          667    .ARM.Collect$$libinit$$00000017  c_w.l(libinit2.o)
    0x0800029a   0x00000000   Code   RO          669    .ARM.Collect$$libinit$$00000019  c_w.l(libinit2.o)
    0x0800029a   0x00000000   Code   RO          671    .ARM.Collect$$libinit$$0000001B  c_w.l(libinit2.o)
    0x0800029a   0x00000000   Code   RO          673    .ARM.Collect$$libinit$$0000001D  c_w.l(libinit2.o)
    0x0800029a   0x00000000   Code   RO          675    .ARM.Collect$$libinit$$0000001F  c_w.l(libinit2.o)
    0x0800029a   0x00000000   Code   RO          677    .ARM.Collect$$libinit$$00000021  c_w.l(libinit2.o)
    0x0800029a   0x00000000   Code   RO          679    .ARM.Collect$$libinit$$00000023  c_w.l(libinit2.o)
    0x0800029a   0x00000000   Code   RO          681    .ARM.Collect$$libinit$$00000025  c_w.l(libinit2.o)
    0x0800029a   0x00000000   Code   RO          685    .ARM.Collect$$libinit$$0000002C  c_w.l(libinit2.o)
    0x0800029a   0x00000000   Code   RO          687    .ARM.Collect$$libinit$$0000002E  c_w.l(libinit2.o)
    0x0800029a   0x00000000   Code   RO          689    .ARM.Collect$$libinit$$00000030  c_w.l(libinit2.o)
    0x0800029a   0x00000000   Code   RO          691    .ARM.Collect$$libinit$$00000032  c_w.l(libinit2.o)
    0x0800029a   0x00000002   Code   RO          692    .ARM.Collect$$libinit$$00000033  c_w.l(libinit2.o)
    0x0800029c   0x00000002   Code   RO          710    .ARM.Collect$$libshutdown$$00000000  c_w.l(libshutdown.o)
    0x0800029e   0x00000000   Code   RO          721    .ARM.Collect$$libshutdown$$00000003  c_w.l(libshutdown2.o)
    0x0800029e   0x00000000   Code   RO          724    .ARM.Collect$$libshutdown$$00000006  c_w.l(libshutdown2.o)
    0x0800029e   0x00000000   Code   RO          727    .ARM.Collect$$libshutdown$$00000009  c_w.l(libshutdown2.o)
    0x0800029e   0x00000000   Code   RO          729    .ARM.Collect$$libshutdown$$0000000B  c_w.l(libshutdown2.o)
    0x0800029e   0x00000000   Code   RO          732    .ARM.Collect$$libshutdown$$0000000E  c_w.l(libshutdown2.o)
    0x0800029e   0x00000002   Code   RO          733    .ARM.Collect$$libshutdown$$0000000F  c_w.l(libshutdown2.o)
    0x080002a0   0x00000000   Code   RO          476    .ARM.Collect$$rtentry$$00000000  c_w.l(__rtentry.o)
    0x080002a0   0x00000000   Code   RO          552    .ARM.Collect$$rtentry$$00000002  c_w.l(__rtentry2.o)
    0x080002a0   0x00000006   Code   RO          564    .ARM.Collect$$rtentry$$00000004  c_w.l(__rtentry4.o)
    0x080002a6   0x00000000   Code   RO          554    .ARM.Collect$$rtentry$$00000009  c_w.l(__rtentry2.o)
    0x080002a6   0x00000004   Code   RO          555    .ARM.Collect$$rtentry$$0000000A  c_w.l(__rtentry2.o)
    0x080002aa   0x00000000   Code   RO          557    .ARM.Collect$$rtentry$$0000000C  c_w.l(__rtentry2.o)
    0x080002aa   0x00000008   Code   RO          558    .ARM.Collect$$rtentry$$0000000D  c_w.l(__rtentry2.o)
    0x080002b2   0x00000002   Code   RO          641    .ARM.Collect$$rtexit$$00000000  c_w.l(rtexit.o)
    0x080002b4   0x00000000   Code   RO          694    .ARM.Collect$$rtexit$$00000002  c_w.l(rtexit2.o)
    0x080002b4   0x00000004   Code   RO          695    .ARM.Collect$$rtexit$$00000003  c_w.l(rtexit2.o)
    0x080002b8   0x00000006   Code   RO          696    .ARM.Collect$$rtexit$$00000004  c_w.l(rtexit2.o)
    0x080002be   0x00000002   PAD
    0x080002c0   0x00000218   Code   RO            1    .text               main.o
    0x080004d8   0x0000001a   Code   RO           97    .text               stm32f10x_it.o
    0x080004f2   0x00000002   PAD
    0x080004f4   0x000001e0   Code   RO          129    .text               system_stm32f10x.o
    0x080006d4   0x000000e8   Code   RO          147    .text               timer.o
    0x080007bc   0x00000588   Code   RO          162    .text               usart2.o
    0x08000d44   0x00000090   Code   RO          189    .text               exti.o
    0x08000dd4   0x00000064   Code   RO          210    .text               gpio.o
    0x08000e38   0x000000d4   Code   RO          222    .text               delay.o
    0x08000f0c   0x0000000c   Code   RO          236    .text               sys.o
    0x08000f18   0x00000160   Code   RO          248    .text               usart.o
    0x08001078   0x00000040   Code   RO          285    .text               startup_stm32f10x_hd.o
    0x080010b8   0x000000dc   Code   RO          289    .text               misc.o
    0x08001194   0x0000035c   Code   RO          301    .text               stm32f10x_gpio.o
    0x080014f0   0x000003a4   Code   RO          313    .text               stm32f10x_rcc.o
    0x08001894   0x00000408   Code   RO          327    .text               stm32f10x_usart.o
    0x08001c9c   0x00000e1a   Code   RO          339    .text               stm32f10x_tim.o
    0x08002ab6   0x00000002   PAD
    0x08002ab8   0x00000254   Code   RO          351    .text               stm32f10x_dma.o
    0x08002d0c   0x0000011c   Code   RO          363    .text               stm32f10x_exti.o
    0x08002e28   0x000005ac   Code   RO          390    .text               sim900a.o
    0x080033d4   0x00000002   Code   RO          421    .text               c_w.l(use_no_semi_2.o)
    0x080033d6   0x00000002   PAD
    0x080033d8   0x00000024   Code   RO          423    .text               c_w.l(c89vsprintf.o)
    0x080033fc   0x00000018   Code   RO          425    .text               c_w.l(__2printf.o)
    0x08003414   0x0000002c   Code   RO          427    .text               c_w.l(__2sprintf.o)
    0x08003440   0x00000052   Code   RO          435    .text               c_w.l(_printf_str.o)
    0x08003492   0x00000002   PAD
    0x08003494   0x00000188   Code   RO          454    .text               c_w.l(__printf_flags_ss_wp.o)
    0x0800361c   0x0000000c   Code   RO          459    .text               c_w.l(strtok.o)
    0x08003628   0x00000024   Code   RO          462    .text               c_w.l(strstr.o)
    0x0800364c   0x00000048   Code   RO          464    .text               c_w.l(strcpy.o)
    0x08003694   0x0000003e   Code   RO          466    .text               c_w.l(strlen.o)
    0x080036d2   0x00000018   Code   RO          468    .text               c_w.l(strcat.o)
    0x080036ea   0x00000006   Code   RO          470    .text               c_w.l(heapauxi.o)
    0x080036f0   0x00000002   Code   RO          474    .text               c_w.l(use_no_semi.o)
    0x080036f2   0x0000004e   Code   RO          477    .text               c_w.l(_printf_pad.o)
    0x08003740   0x00000024   Code   RO          479    .text               c_w.l(_printf_truncate.o)
    0x08003764   0x00000078   Code   RO          481    .text               c_w.l(_printf_dec.o)
    0x080037dc   0x00000028   Code   RO          483    .text               c_w.l(_printf_charcount.o)
    0x08003804   0x00000030   Code   RO          485    .text               c_w.l(_printf_char_common.o)
    0x08003834   0x0000000a   Code   RO          487    .text               c_w.l(_sputc.o)
    0x0800383e   0x0000002c   Code   RO          489    .text               c_w.l(_printf_char.o)
    0x0800386a   0x00000002   PAD
    0x0800386c   0x00000024   Code   RO          491    .text               c_w.l(_printf_char_file.o)
    0x08003890   0x000000bc   Code   RO          493    .text               c_w.l(_printf_wctomb.o)
    0x0800394c   0x0000007c   Code   RO          496    .text               c_w.l(_printf_longlong_dec.o)
    0x080039c8   0x00000070   Code   RO          502    .text               c_w.l(_printf_oct_int_ll.o)
    0x08003a38   0x00000094   Code   RO          522    .text               c_w.l(_printf_hex_int_ll_ptr.o)
    0x08003acc   0x00000044   Code   RO          547    .text               c_w.l(strtok_int.o)
    0x08003b10   0x0000008a   Code   RO          566    .text               c_w.l(lludiv10.o)
    0x08003b9a   0x000000b2   Code   RO          568    .text               c_w.l(_printf_intcommon.o)
    0x08003c4c   0x0000041a   Code   RO          570    .text               c_w.l(_printf_fp_dec.o)
    0x08004066   0x0000002c   Code   RO          574    .text               c_w.l(_printf_wchar.o)
    0x08004092   0x00000008   Code   RO          576    .text               c_w.l(ferror.o)
    0x0800409a   0x00000040   Code   RO          580    .text               c_w.l(_wcrtomb.o)
    0x080040da   0x00000020   Code   RO          582    .text               c_w.l(strcspn.o)
    0x080040fa   0x0000001c   Code   RO          584    .text               c_w.l(strspn.o)
    0x08004116   0x0000004a   Code   RO          586    .text               c_w.l(sys_stackheap_outer.o)
    0x08004160   0x00000010   Code   RO          588    .text               c_w.l(rt_ctype_table.o)
    0x08004170   0x00000008   Code   RO          593    .text               c_w.l(rt_locale_intlibspace.o)
    0x08004178   0x00000080   Code   RO          595    .text               c_w.l(_printf_fp_infnan.o)
    0x080041f8   0x000000dc   Code   RO          597    .text               c_w.l(bigflt0.o)
    0x080042d4   0x0000000c   Code   RO          625    .text               c_w.l(exit.o)
    0x080042e0   0x00000008   Code   RO          638    .text               c_w.l(libspace.o)
    0x080042e8   0x00000080   Code   RO          646    .text               c_w.l(strcmpv7m.o)
    0x08004368   0x0000003e   Code   RO          600    CL$$btod_d2e        c_w.l(btod.o)
    0x080043a6   0x00000046   Code   RO          602    CL$$btod_d2e_denorm_low  c_w.l(btod.o)
    0x080043ec   0x00000060   Code   RO          601    CL$$btod_d2e_norm_op1  c_w.l(btod.o)
    0x0800444c   0x00000338   Code   RO          610    CL$$btod_div_common  c_w.l(btod.o)
    0x08004784   0x000000c6   Code   RO          607    CL$$btod_e2e        c_w.l(btod.o)
    0x0800484a   0x00000028   Code   RO          604    CL$$btod_ediv       c_w.l(btod.o)
    0x08004872   0x00000028   Code   RO          603    CL$$btod_emul       c_w.l(btod.o)
    0x0800489a   0x00000244   Code   RO          609    CL$$btod_mult_common  c_w.l(btod.o)
    0x08004ade   0x00000028   Code   RO          636    i.__ARM_fpclassify  m_ws.l(fpclassify.o)
    0x08004b06   0x0000000e   Code   RO          447    i._is_digit         c_w.l(__printf_wp.o)
    0x08004b14   0x0000002c   Code   RO          623    locale$$code        c_w.l(lc_numeric_c.o)
    0x08004b40   0x0000002c   Code   RO          644    locale$$code        c_w.l(lc_ctype_c.o)
    0x08004b6c   0x00000004   Code   RO          549    x$fpl$printf1       fz_ws.l(printf1.o)
    0x08004b70   0x00000000   Code   RO          635    x$fpl$usenofp       fz_ws.l(usenofp.o)
    0x08004b70   0x00000011   Data   RO          455    .constdata          c_w.l(__printf_flags_ss_wp.o)
    0x08004b81   0x00000003   PAD
    0x08004b84   0x00000008   Data   RO          494    .constdata          c_w.l(_printf_wctomb.o)
    0x08004b8c   0x00000028   Data   RO          523    .constdata          c_w.l(_printf_hex_int_ll_ptr.o)
    0x08004bb4   0x00000094   Data   RO          598    .constdata          c_w.l(bigflt0.o)
    0x08004c48   0x00000020   Data   RO          765    Region$$Table       anon$$obj.o
    0x08004c68   0x0000001c   Data   RO          622    locale$$data        c_w.l(lc_numeric_c.o)
    0x08004c84   0x00000110   Data   RO          643    locale$$data        c_w.l(lc_ctype_c.o)


    Execution Region RW_IRAM1 (Base: 0x20000000, Size: 0x000023e8, Max: 0x0000c000, ABSOLUTE, COMPRESSED[0x00000224])

    Base Addr    Size         Type   Attr      Idx    E Section Name        Object

    0x20000000   0x00000821   Data   RW            2    .data               main.o
    0x20000821   0x00000003   PAD
    0x20000824   0x00000014   Data   RW          130    .data               system_stm32f10x.o
    0x20000838   0x00000002   Data   RW          148    .data               timer.o
    0x2000083a   0x00000006   Data   RW          164    .data               usart2.o
    0x20000840   0x00000004   Data   RW          190    .data               exti.o
    0x20000844   0x00000004   Data   RW          223    .data               delay.o
    0x20000848   0x00000006   Data   RW          250    .data               usart.o
    0x2000084e   0x00000014   Data   RW          314    .data               stm32f10x_rcc.o
    0x20000862   0x00000004   Data   RW          392    .data               sim900a.o
    0x20000866   0x00000002   PAD
    0x20000868   0x00000004   Data   RW          460    .data               c_w.l(strtok.o)
    0x2000086c   0x00000004   PAD
    0x20000870   0x0000092c   Zero   RW          163    .bss                usart2.o
    0x2000119c   0x00000bb8   Zero   RW          249    .bss                usart.o
    0x20001d54   0x00000032   Zero   RW          391    .bss                sim900a.o
    0x20001d86   0x00000002   PAD
    0x20001d88   0x00000060   Zero   RW          639    .bss                c_w.l(libspace.o)
    0x20001de8   0x00000200   Zero   RW          283    HEAP                startup_stm32f10x_hd.o
    0x20001fe8   0x00000400   Zero   RW          282    STACK               startup_stm32f10x_hd.o


==============================================================================

Image component sizes


      Code (inc. data)   RO Data    RW Data    ZI Data      Debug   Object Name

         0          0          0          0          0         32   core_cm3.o
       212         18          0          4          0        951   delay.o
       144          8          0          4          0        915   exti.o
       100          4          0          0          0        486   gpio.o
       536        204          0       2081          0     266438   main.o
       220         22          0          0          0       1737   misc.o
      1452        456          0          4         50       4346   sim900a.o
        64         26        304          0       1536        768   startup_stm32f10x_hd.o
       596          8          0          0          0       4262   stm32f10x_dma.o
       284         10          0          0          0       2167   stm32f10x_exti.o
       860         38          0          0          0       5581   stm32f10x_gpio.o
        26          0          0          0          0       1146   stm32f10x_it.o
       932         36          0         20          0       8716   stm32f10x_rcc.o
      3610         88          0          0          0      22064   stm32f10x_tim.o
      1032         22          0          0          0       8304   stm32f10x_usart.o
        12          0          0          0          0        417   sys.o
       480         38          0         20          0       1643   system_stm32f10x.o
       232         10          0          2          0       1050   timer.o
       352         16          0          6       3000       3312   usart.o
      1416         78          0          6       2348       5470   usart2.o

    ----------------------------------------------------------------------
     12564       1082        336       2152       6936     339805   Object Totals
         0          0         32          0          0          0   (incl. Generated)
         4          0          0          5          2          0   (incl. Padding)

    ----------------------------------------------------------------------

      Code (inc. data)   RO Data    RW Data    ZI Data      Debug   Library Member Name

        24          4          0          0          0         84   __2printf.o
        44          6          0          0          0         84   __2sprintf.o
       100          0          0          0          0          0   __dclz77c.o
         8          0          0          0          0         68   __main.o
       392          4         17          0          0         92   __printf_flags_ss_wp.o
        14          0          0          0          0         68   __printf_wp.o
         0          0          0          0          0          0   __rtentry.o
        12          0          0          0          0          0   __rtentry2.o
         6          0          0          0          0          0   __rtentry4.o
        52          8          0          0          0          0   __scatter.o
        28          0          0          0          0          0   __scatter_zi.o
         6          0          0          0          0          0   _printf_a.o
         6          0          0          0          0          0   _printf_c.o
        44          0          0          0          0        108   _printf_char.o
        48          6          0          0          0         96   _printf_char_common.o
        36          4          0          0          0         80   _printf_char_file.o
        40          0          0          0          0         68   _printf_charcount.o
         6          0          0          0          0          0   _printf_d.o
       120         16          0          0          0         92   _printf_dec.o
         6          0          0          0          0          0   _printf_e.o
         6          0          0          0          0          0   _printf_f.o
      1050          0          0          0          0        216   _printf_fp_dec.o
       128         16          0          0          0         84   _printf_fp_infnan.o
         6          0          0          0          0          0   _printf_g.o
       148          4         40          0          0        160   _printf_hex_int_ll_ptr.o
         6          0          0          0          0          0   _printf_i.o
       178          0          0          0          0         88   _printf_intcommon.o
        10          0          0          0          0          0   _printf_l.o
         6          0          0          0          0          0   _printf_lc.o
        10          0          0          0          0          0   _printf_ll.o
         6          0          0          0          0          0   _printf_lld.o
         6          0          0          0          0          0   _printf_lli.o
         6          0          0          0          0          0   _printf_llo.o
         6          0          0          0          0          0   _printf_llu.o
         6          0          0          0          0          0   _printf_llx.o
       124         16          0          0          0         92   _printf_longlong_dec.o
         6          0          0          0          0          0   _printf_ls.o
         6          0          0          0          0          0   _printf_n.o
         6          0          0          0          0          0   _printf_o.o
       112          8          0          0          0        124   _printf_oct_int_ll.o
         6          0          0          0          0          0   _printf_p.o
        78          0          0          0          0        108   _printf_pad.o
         0          0          0          0          0          0   _printf_percent.o
         4          0          0          0          0          0   _printf_percent_end.o
         6          0          0          0          0          0   _printf_s.o
        82          0          0          0          0         80   _printf_str.o
        36          0          0          0          0         84   _printf_truncate.o
         6          0          0          0          0          0   _printf_u.o
        44          0          0          0          0        108   _printf_wchar.o
       188          6          8          0          0         92   _printf_wctomb.o
         6          0          0          0          0          0   _printf_x.o
        10          0          0          0          0         68   _sputc.o
        64          0          0          0          0         92   _wcrtomb.o
       220          4        148          0          0         96   bigflt0.o
      1910        128          0          0          0        672   btod.o
        36          4          0          0          0         76   c89vsprintf.o
        12          0          0          0          0         72   exit.o
         8          0          0          0          0         68   ferror.o
         6          0          0          0          0        152   heapauxi.o
        44         10        272          0          0         76   lc_ctype_c.o
        44         10         28          0          0         76   lc_numeric_c.o
         2          0          0          0          0          0   libinit.o
        30          0          0          0          0          0   libinit2.o
         2          0          0          0          0          0   libshutdown.o
         2          0          0          0          0          0   libshutdown2.o
         8          4          0          0         96         68   libspace.o
       138          0          0          0          0         80   lludiv10.o
        16          4          0          0          0         76   rt_ctype_table.o
         8          4          0          0          0         68   rt_locale_intlibspace.o
         2          0          0          0          0          0   rtexit.o
        10          0          0          0          0          0   rtexit2.o
        24          0          0          0          0         68   strcat.o
       128          0          0          0          0         68   strcmpv7m.o
        72          0          0          0          0         80   strcpy.o
        32          0          0          0          0         80   strcspn.o
        62          0          0          0          0         76   strlen.o
        28          0          0          0          0         80   strspn.o
        36          0          0          0          0         80   strstr.o
        12          6          0          4          0         68   strtok.o
        68          4          0          0          0         84   strtok_int.o
        74          0          0          0          0         80   sys_stackheap_outer.o
         2          0          0          0          0         68   use_no_semi.o
         2          0          0          0          0         68   use_no_semi_2.o
         4          0          0          0          0         68   printf1.o
         0          0          0          0          0          0   usenofp.o
        40          0          0          0          0         68   fpclassify.o

    ----------------------------------------------------------------------
      6444        276        516          4        100       4852   Library Totals
         8          0          3          0          4          0   (incl. Padding)

    ----------------------------------------------------------------------

      Code (inc. data)   RO Data    RW Data    ZI Data      Debug   Library Name

      6392        276        513          4         96       4716   c_w.l
         4          0          0          0          0         68   fz_ws.l
        40          0          0          0          0         68   m_ws.l

    ----------------------------------------------------------------------
      6444        276        516          4        100       4852   Library Totals

    ----------------------------------------------------------------------

==============================================================================


      Code (inc. data)   RO Data    RW Data    ZI Data      Debug   

     19008       1358        852       2156       7036     340389   Grand Totals
     19008       1358        852        548       7036     340389   ELF Image Totals (compressed)
     19008       1358        852        548          0          0   ROM Totals

==============================================================================

    Total RO  Size (Code + RO Data)                19860 (  19.39kB)
    Total RW  Size (RW Data + ZI Data)              9192 (   8.98kB)
    Total ROM Size (Code + RO Data + RW Data)      20408 (  19.93kB)

==============================================================================

